#-----------------------------------------------------------
# Vivado v2016.2 (64-bit)
# SW Build 1577090 on Thu Jun  2 16:32:40 MDT 2016
# IP Build 1577682 on Fri Jun  3 12:00:54 MDT 2016
# Start of session at: Mon Dec 06 00:26:05 2021
# Process ID: 12996
# Current directory: D:/Project/Vivado/DigitalPiano
# Command line: vivado.exe -gui_launcher_event rodinguilauncherevent10732 D:\Project\Vivado\DigitalPiano\DigitalPiano.xpr
# Log file: D:/Project/Vivado/DigitalPiano/vivado.log
# Journal file: D:/Project/Vivado/DigitalPiano\vivado.jou
#-----------------------------------------------------------
start_gui
open_project D:/Project/Vivado/DigitalPiano/DigitalPiano.xpr
update_compile_order -fileset sources_1
launch_runs synth_1
wait_on_run synth_1
open_run synth_1 -name synth_1
set_property IOSTANDARD LVCMOS33 [get_ports [list {DATA[7]} {DATA[6]} {DATA[5]} {DATA[4]} {DATA[3]} {DATA[2]} {DATA[1]} {DATA[0]}]]
place_ports {DATA[7]} V11
place_ports {DATA[6]} V12
place_ports {DATA[5]} V14
place_ports {DATA[4]} V15
place_ports {DATA[3]} T16
set_property package_pin "" [get_ports [list  {DATA[1]}]]
place_ports {DATA[2]} U14
place_ports {DATA[1]} T15
place_ports {DATA[0]} V16
set_property is_loc_fixed false [get_ports [list  {DATA[0]}]]
set_property is_loc_fixed true [get_ports [list  {DATA[0]}]]
place_ports clock_USB_in F4
set_property IOSTANDARD LVCMOS33 [get_ports [list clock_USB_in]]
set_property package_pin "" [get_ports [list  speaker]]
place_ports data_USB_in B2
set_property IOSTANDARD LVCMOS33 [get_ports [list data_USB_in]]
place_ports speaker A11
set_property IOSTANDARD LVCMOS33 [get_ports [list speaker]]
save_constraints
launch_runs impl_1 -to_step write_bitstream
wait_on_run impl_1
open_hw
connect_hw_server
open_hw_target
disconnect_hw_server localhost:3121
disconnect_hw_server localhost:3121
connect_hw_server -url localhost:3121
current_hw_target [get_hw_targets */xilinx_tcf/Digilent/210292709835A]
set_property PARAM.FREQUENCY 15000000 [get_hw_targets */xilinx_tcf/Digilent/210292709835A]
open_hw_target
set_property PROGRAM.FILE {D:/Project/Vivado/DigitalPiano/DigitalPiano.runs/impl_1/Keyboard.bit} [lindex [get_hw_devices] 0]
current_hw_device [lindex [get_hw_devices] 0]
refresh_hw_device -update_hw_probes false [lindex [get_hw_devices] 0]
set_property PROBES.FILE {} [lindex [get_hw_devices] 0]
set_property PROGRAM.FILE {D:/Project/Vivado/DigitalPiano/DigitalPiano.runs/impl_1/Keyboard.bit} [lindex [get_hw_devices] 0]
program_hw_devices [lindex [get_hw_devices] 0]
refresh_hw_device [lindex [get_hw_devices] 0]
