Copyright 1986-2016 Xilinx, Inc. All Rights Reserved.
------------------------------------------------------------------------------------
| Tool Version : Vivado v.2016.2 (win64) Build 1577090 Thu Jun  2 16:32:40 MDT 2016
| Date         : Thu Jan 06 18:57:46 2022
| Host         : DESKTOP-HSAJ1AE running 64-bit major release  (build 9200)
| Command      : report_control_sets -verbose -file top_control_sets_placed.rpt
| Design       : top
| Device       : xc7a100t
------------------------------------------------------------------------------------

Control Set Information

Table of Contents
-----------------
1. Summary
2. Flip-Flop Distribution
3. Detailed Control Set Information

1. Summary
----------

+----------------------------------------------------------+-------+
|                          Status                          | Count |
+----------------------------------------------------------+-------+
| Number of unique control sets                            |    31 |
| Unused register locations in slices containing registers |   144 |
+----------------------------------------------------------+-------+


2. Flip-Flop Distribution
-------------------------

+--------------+-----------------------+------------------------+-----------------+--------------+
| Clock Enable | Synchronous Set/Reset | Asynchronous Set/Reset | Total Registers | Total Slices |
+--------------+-----------------------+------------------------+-----------------+--------------+
| No           | No                    | No                     |              53 |           35 |
| No           | No                    | Yes                    |              49 |           19 |
| No           | Yes                   | No                     |              33 |           11 |
| Yes          | No                    | No                     |            3380 |         1192 |
| Yes          | No                    | Yes                    |              45 |           20 |
| Yes          | Yes                   | No                     |              72 |           27 |
+--------------+-----------------------+------------------------+-----------------+--------------+


3. Detailed Control Set Information
-----------------------------------

+------------------------------------+--------------------------------------------------+--------------------------------------------------+------------------+----------------+
|            Clock Signal            |                   Enable Signal                  |                 Set/Reset Signal                 | Slice Load Count | Bel Load Count |
+------------------------------------+--------------------------------------------------+--------------------------------------------------+------------------+----------------+
|  keyboard_inst/f3_detect           |                                                  | controller_inst/overdrive_level_bottom_reg[9]    |                1 |              1 |
|  keyboard_inst/space_detect        |                                                  | controller_inst/overdrive_level_bottom_reg[9]    |                1 |              1 |
|  clk_100_IBUF_BUFG                 | keyboard_inst/PS2/debounce/clear                 |                                                  |                1 |              1 |
|  clk_100_IBUF_BUFG                 | keyboard_inst/PS2/debounce/cnt1[4]_i_1_n_0       |                                                  |                1 |              1 |
| ~keyboard_inst/PS2/debounce/kclkf  | keyboard_inst/cnt__3                             | keyboard_inst/PS2/cnt[3]_i_1_n_0                 |                1 |              4 |
|  clk_100_IBUF_BUFG                 | keyboard_inst/PS2/debounce/cnt0[4]_i_2_n_0       | keyboard_inst/PS2/debounce/clear                 |                1 |              4 |
|  VGA_inst/divider/inst/clk_out1    | VGA_inst/p_m_inst/is_display_i_1_n_0             |                                                  |                4 |              4 |
|  VGA_inst/divider/inst/clk_out1    | VGA_inst/p_m_inst/is_display_i_1_n_0             | VGA_inst/p_m_inst/red[3]_i_1_n_0                 |                4 |              4 |
|  VGA_inst/divider/inst/clk_out1    | VGA_inst/p_m_inst/is_display_i_1_n_0             | VGA_inst/p_m_inst/blue[3]_i_1_n_0                |                4 |              4 |
|  clk_100_IBUF_BUFG                 | keyboard_inst/PS2/debounce/cnt1[4]_i_2_n_0       | keyboard_inst/PS2/debounce/cnt1[4]_i_1_n_0       |                1 |              5 |
|  clk_100_IBUF_BUFG                 | keyboard_inst/PS2/E[0]                           | controller_inst/overdrive_level_bottom_reg[9]    |                2 |              5 |
|  VGA_inst/divider/inst/clk_out1    |                                                  |                                                  |                5 |              5 |
| ~keyboard_inst/PS2/debounce/kclkf  |                                                  |                                                  |                4 |              9 |
|  keyboard_inst/f1_detect           |                                                  | controller_inst/overdrive_level_bottom_reg[9]    |                2 |              9 |
|  keyboard_inst/f2_detect           |                                                  | controller_inst/overdrive_level_bottom_reg[9]    |                2 |              9 |
|  clk_100_IBUF_BUFG                 | Single_Note_Inst/lut_addr_10_carry__0_n_2        | controller_inst/overdrive_level_bottom_reg[9]    |                4 |             10 |
|  clk_100_IBUF_BUFG                 | Single_Note_Inst/lut_addr_20_carry__0_n_2        | controller_inst/overdrive_level_bottom_reg[9]    |                5 |             10 |
|  clk_100_IBUF_BUFG                 | Single_Note_Inst/lut_addr_30_carry__0_n_2        | controller_inst/overdrive_level_bottom_reg[9]    |                5 |             10 |
|  clk_100_IBUF_BUFG                 | Single_Note_Inst/sel                             | controller_inst/overdrive_level_bottom_reg[9]    |                4 |             10 |
|  clk_100_IBUF_BUFG                 |                                                  | Single_Note_Inst/driver_inst/count[11]_i_1_n_0   |                3 |             11 |
|  VGA_inst/divider/inst/clk_out1    |                                                  | VGA_inst/p_m_inst/count[11]_i_1_n_0              |                3 |             11 |
|  VGA_inst/divider/inst/clk_out1    |                                                  | VGA_inst/hcount__0                               |                5 |             11 |
|  VGA_inst/divider/inst/clk_out1    | VGA_inst/hcount__0                               | VGA_inst/vcount[10]_i_1_n_0                      |                4 |             11 |
|  clk_100_IBUF_BUFG                 | Single_Note_Inst/driver_inst/compare_0           |                                                  |                5 |             12 |
|  clk_100_IBUF_BUFG                 |                                                  | controller_inst/overdrive_level_bottom_reg[9]    |                8 |             13 |
|  VGA_inst/divider/inst/clk_out1    | VGA_inst/p_m_inst/statement_lut_addr[14]_i_2_n_0 | VGA_inst/p_m_inst/statement_lut_addr[14]_i_1_n_0 |                4 |             14 |
|  keyboard_inst/PS2/data_valid_flag |                                                  | controller_inst/overdrive_level_bottom_reg[9]    |                5 |             16 |
|  clk_100_IBUF_BUFG                 | controller_inst/counter[25]_i_2_n_0              | controller_inst/counter[25]_i_1_n_0              |                8 |             26 |
|  clk_100_IBUF_BUFG                 |                                                  |                                                  |               26 |             39 |
|  clk_100_IBUF_BUFG                 | controller_inst/sine_count_0_reg[17]             |                                                  |               20 |             72 |
|  VGA_inst/divider/inst/clk_out1    | VGA_inst/p_m_inst/count[11]_i_1_n_0              |                                                  |             1161 |           3290 |
+------------------------------------+--------------------------------------------------+--------------------------------------------------+------------------+----------------+


