Copyright 1986-2016 Xilinx, Inc. All Rights Reserved.
------------------------------------------------------------------------------------
| Tool Version : Vivado v.2016.2 (win64) Build 1577090 Thu Jun  2 16:32:40 MDT 2016
| Date         : Fri Dec 10 17:41:49 2021
| Host         : DESKTOP-HSAJ1AE running 64-bit major release  (build 9200)
| Command      : report_control_sets -verbose -file top_control_sets_placed.rpt
| Design       : top
| Device       : xc7a100t
------------------------------------------------------------------------------------

Control Set Information

Table of Contents
-----------------
1. Summary
2. Flip-Flop Distribution
3. Detailed Control Set Information

1. Summary
----------

+----------------------------------------------------------+-------+
|                          Status                          | Count |
+----------------------------------------------------------+-------+
| Number of unique control sets                            |    20 |
| Unused register locations in slices containing registers |    96 |
+----------------------------------------------------------+-------+


2. Flip-Flop Distribution
-------------------------

+--------------+-----------------------+------------------------+-----------------+--------------+
| Clock Enable | Synchronous Set/Reset | Asynchronous Set/Reset | Total Registers | Total Slices |
+--------------+-----------------------+------------------------+-----------------+--------------+
| No           | No                    | No                     |              38 |           14 |
| No           | No                    | Yes                    |               0 |            0 |
| No           | Yes                   | No                     |              25 |           12 |
| Yes          | No                    | No                     |              21 |            9 |
| Yes          | No                    | Yes                    |               0 |            0 |
| Yes          | Yes                   | No                     |              20 |            9 |
+--------------+-----------------------+------------------------+-----------------+--------------+


3. Detailed Control Set Information
-----------------------------------

+-----------------------------------------------------------+---------------------------------------------------------+---------------------------------------------------------+------------------+----------------+
|                        Clock Signal                       |                      Enable Signal                      |                     Set/Reset Signal                    | Slice Load Count | Bel Load Count |
+-----------------------------------------------------------+---------------------------------------------------------+---------------------------------------------------------+------------------+----------------+
|  clk_IBUF                                                 | keyboard_inst/PS2/debounce/Iv1_i_1_n_0                  |                                                         |                1 |              1 |
|  clk_IBUF                                                 | keyboard_inst/PS2/debounce/O0_i_1_n_0                   |                                                         |                1 |              1 |
|  clk_IBUF                                                 | keyboard_inst/PS2/debounce/O1_i_1_n_0                   |                                                         |                1 |              1 |
|  clk_IBUF                                                 | keyboard_inst/PS2/debounce/clear                        |                                                         |                1 |              1 |
|  VGA_inst/divider/inst/clk_out1                           |                                                         |                                                         |                1 |              1 |
|  VGA_inst/divider/inst/clk_out1                           |                                                         | VGA_inst/hsync_i_1_n_0                                  |                1 |              1 |
|  VGA_inst/divider/inst/clk_out1                           |                                                         | VGA_inst/vsync_i_1_n_0                                  |                1 |              1 |
|  clk_IBUF                                                 |                                                         |                                                         |                2 |              2 |
| ~keyboard_inst/PS2/debounce/kclkf                         | keyboard_inst/cnt                                       | keyboard_inst/PS2/cnt[3]_i_1_n_0                        |                1 |              4 |
|  clk_IBUF                                                 |                                                         | keyboard_inst/PS2/debounce/clear                        |                1 |              4 |
|  clk_IBUF                                                 | keyboard_inst/PS2/E[0]                                  |                                                         |                1 |              4 |
|  clk_IBUF                                                 | keyboard_inst/PS2/debounce/cnt1[4]_i_1_n_0              | keyboard_inst/PS2/debounce/Iv1_i_1_n_0                  |                2 |              5 |
|  VGA_inst/divider/inst/clk_out1                           | VGA_inst/p_m_inst/red[0]_i_1_n_0                        |                                                         |                2 |              6 |
|  keyboard_inst/Single_Note_Inst/clock_25mhz/inst/clk_out1 | keyboard_inst/Single_Note_Inst/counter_note[16]_i_1_n_0 |                                                         |                2 |              7 |
|  keyboard_inst/Single_Note_Inst/clock_25mhz/inst/clk_out1 |                                                         | keyboard_inst/Single_Note_Inst/counter_note[16]_i_1_n_0 |                2 |              8 |
| ~keyboard_inst/PS2/debounce/kclkf                         |                                                         |                                                         |                3 |              9 |
|  keyboard_inst/Single_Note_Inst/clock_25mhz/inst/clk_out1 |                                                         |                                                         |                5 |             10 |
|  VGA_inst/divider/inst/clk_out1                           |                                                         | VGA_inst/hcount__0                                      |                7 |             11 |
|  VGA_inst/divider/inst/clk_out1                           | VGA_inst/hcount__0                                      | VGA_inst/vcount[10]_i_1_n_0                             |                6 |             11 |
|  keyboard_inst/PS2/data_valid_flag                        |                                                         |                                                         |                3 |             16 |
+-----------------------------------------------------------+---------------------------------------------------------+---------------------------------------------------------+------------------+----------------+


